// Jest Snapshot v1, https://goo.gl/fbAQLP

exports[`matches snapshot 1`] = `
<div
  data-testid="details-component"
>
  <div
    className="header"
  >
    <div
      className="navigation"
    >
      <a
        aria-current="page"
        className="active"
        href="/"
        onClick={[Function]}
        style={Object {}}
      >
        <svg
          className="controls"
          fill="currentColor"
          height="1em"
          stroke="currentColor"
          strokeWidth="0"
          style={
            Object {
              "color": undefined,
            }
          }
          viewBox="0 0 512 512"
          width="1em"
          xmlns="http://www.w3.org/2000/svg"
        >
          <path
            d="M217.9 256L345 129c9.4-9.4 9.4-24.6 0-33.9-9.4-9.4-24.6-9.3-34 0L167 239c-9.1 9.1-9.3 23.7-.7 33.1L310.9 417c4.7 4.7 10.9 7 17 7s12.3-2.3 17-7c9.4-9.4 9.4-24.6 0-33.9L217.9 256z"
          />
        </svg>
      </a>
      <span>
        company
         capitalisation
      </span>
      <div>
        <svg
          className="controls"
          fill="currentColor"
          height="1em"
          stroke="currentColor"
          strokeWidth="0"
          style={
            Object {
              "color": undefined,
            }
          }
          viewBox="0 0 512 512"
          width="1em"
          xmlns="http://www.w3.org/2000/svg"
        >
          <path
            d="M256 320c37.712 0 68.571-30.924 68.571-68.714V100.714C324.571 62.924 293.712 32 256 32s-68.571 30.924-68.571 68.714v150.572c0 37.79 30.859 68.714 68.571 68.714zm121.139-75.452c0 68.714-58.282 116.815-121.139 116.815s-121.139-48.102-121.139-116.815H96c0 77.873 61.719 143.153 137.144 153.465V480h45.713v-81.987C354.281 386.561 416 322.421 416 244.548h-38.861z"
          />
        </svg>
        <svg
          className="controls"
          fill="currentColor"
          height="1em"
          stroke="currentColor"
          strokeWidth="0"
          style={
            Object {
              "color": undefined,
            }
          }
          viewBox="0 0 14 16"
          width="1em"
          xmlns="http://www.w3.org/2000/svg"
        >
          <path
            d="M14 8.77v-1.6l-1.94-.64-.45-1.09.88-1.84-1.13-1.13-1.81.91-1.09-.45-.69-1.92h-1.6l-.63 1.94-1.11.45-1.84-.88-1.13 1.13.91 1.81-.45 1.09L0 7.23v1.59l1.94.64.45 1.09-.88 1.84 1.13 1.13 1.81-.91 1.09.45.69 1.92h1.59l.63-1.94 1.11-.45 1.84.88 1.13-1.13-.92-1.81.47-1.09L14 8.75v.02zM7 11c-1.66 0-3-1.34-3-3s1.34-3 3-3 3 1.34 3 3-1.34 3-3 3z"
            fillRule="evenodd"
          />
        </svg>
      </div>
    </div>
    <div
      className="metrics-title"
      style={
        Object {
          "backgroundImage": "url('undefined')",
        }
      }
    >
      <div />
      <div>
        <h1>
          Stock
        </h1>
        <div
          className="metrics"
        >
          $
          <span
            className="count"
          >
            
          </span>
          <span>
            B
          </span>
        </div>
      </div>
    </div>
    <div
      className="stats"
    >
      STATS BY 
      company
    </div>
  </div>
  <ul
    className="companies"
  />
</div>
`;
